---
source: crates/yoda-core/src/render.rs
expression: svg
---
<polygon points="64,96 192,96 192,384" fill="rgb(255,0,0)" stroke="white" fill-opacity="0.5" stroke-width="3" stroke-dasharray="8,3" style="animation: marchingAnts 0.6s linear infinite;" /><rect x="64" y="96" width="128" height="288" fill="none" stroke="rgb(255,0,0)" stroke-width="2" stroke-dasharray="6,3" /><rect x="64" y="80" width="56" height="16" fill="rgba(0,0,0,0.7)" rx="3" /><text x="68" y="92" fill="white" font-size="10" font-family="'JetBrains Mono', 'Cascadia Code', 'Consolas', monospace">0 bumper</text><rect x="192" y="96" width="256" height="288" fill="rgb(0,255,0)" stroke="rgb(0,255,0)" fill-opacity="0.2" stroke-width="2" /><rect x="192" y="80" width="50" height="16" fill="rgba(0,0,0,0.7)" rx="3" /><text x="196" y="92" fill="white" font-size="10" font-family="'JetBrains Mono', 'Cascadia Code', 'Consolas', monospace">1 wheel</text>
